ninja: warning: premature end of file; recovering
[1/52] Compiling C:/Dev/InkbytefoProjects/deneme/AstralEngine/shaders/SDFGBuffer.glsl -> C:/Dev/InkbytefoProjects/deneme/AstralEngine/build-release/shaders/SDFGBuffer.spv
[2/52] Compiling C:/Dev/InkbytefoProjects/deneme/AstralEngine/shaders/SDFCompute.glsl -> C:/Dev/InkbytefoProjects/deneme/AstralEngine/build-release/shaders/SDFCompute.spv
[3/52] Building CXX object AstralEngine/CMakeFiles/AstralEngine.dir/__/src/Core/Systems/TransformSubsystem.cpp.obj
[4/52] Building CXX object AstralEngine/CMakeFiles/AstralEngine.dir/__/src/Core/Systems/InputSubsystem.cpp.obj
[5/52] Building CXX object AstralEngine/CMakeFiles/AstralEngine.dir/__/src/Core/Systems/RenderExtractionSubsystem.cpp.obj
[6/52] Building CXX object AstralEngine/CMakeFiles/AstralEngine.dir/__/src/Core/Systems/PhysicsSubsystem.cpp.obj
[7/52] Building CXX object AstralEngine/CMakeFiles/AstralEngine.dir/__/src/Core/TransformSystem.cpp.obj
[8/52] Building CXX object AstralEngine/CMakeFiles/AstralEngine.dir/__/src/Core/RenderExtractionSystem.cpp.obj
[9/52] Building CXX object AstralEngine/CMakeFiles/AstralEngine.dir/__/src/Core/Application.cpp.obj
[10/52] Building CXX object AstralEngine/CMakeFiles/AstralEngine.dir/__/src/Scene/Scene.cpp.obj
[11/52] Building CXX object AstralEngine/CMakeFiles/AstralEngine.dir/__/src/Scene/SDFWorldQuery.cpp.obj
[12/52] Building CXX object AstralEngine/CMakeFiles/AstralEngine.dir/__/src/Renderer/SDFRenderer.cpp.obj
[13/52] Building CXX object AstralEngine/CMakeFiles/AstralEngine.dir/__/src/Renderer/ComputePipeline.cpp.obj
[14/52] Building CXX object Projects/Sandbox/CMakeFiles/Sandbox.dir/src/PuzzleGameSubsystem.cpp.obj
[15/52] Building CXX object AstralEngine/CMakeFiles/AstralEngine.dir/__/src/Scene/SceneSerializer.cpp.obj
[16/52] Linking CXX static library libAstralEngine.a
[17/52] Building CXX object Projects/EmptyGameTemplate/CMakeFiles/EmptyGameTemplate.dir/src/main.cpp.obj
[18/52] Building CXX object Projects/Sandbox/CMakeFiles/Sandbox.dir/src/main.cpp.obj
[19/52] Building CXX object Tools/AstralEditor/CMakeFiles/AstralEditor.dir/src/EditorUISubsystem.cpp.obj
[20/52] Building CXX object Tools/AstralEditor/CMakeFiles/AstralEditor.dir/src/main.cpp.obj
[21/52] Building CXX object Tools/AstralEditor/CMakeFiles/AstralEditor.dir/src/EditorMenuBar.cpp.obj
[22/52] Building CXX object Tools/AstralEditor/CMakeFiles/AstralEditor.dir/src/Gizmo/TransformGizmo.cpp.obj
[23/52] Building CXX object Tools/AstralEditor/CMakeFiles/AstralEditor.dir/src/Panels/Inspector.cpp.obj
[24/52] Building CXX object Tools/AstralEditor/CMakeFiles/AstralEditor.dir/src/Panels/SceneHierarchy.cpp.obj
[25/52] Building CXX object Tools/AstralEditor/CMakeFiles/AstralEditor.dir/src/EditorUI.cpp.obj
[26/52] Building CXX object Tests/EngineTests/CMakeFiles/EngineTests.dir/src/main.cpp.obj
[27/52] Building CXX object Tools/AstralEditor/CMakeFiles/AstralEditor.dir/src/Panels/ViewportPanel.cpp.obj
[28/52] Building CXX object Tests/EngineTests/CMakeFiles/EngineTests.dir/src/EcsTests.cpp.obj
[29/52] Building CXX object Tests/EngineTests/CMakeFiles/EngineTests.dir/src/PhysicsTests.cpp.obj
[30/52] Building CXX object Tests/EngineTests/CMakeFiles/EngineTests.dir/src/SceneTests.cpp.obj
[31/52] Building CXX object Tests/EngineTests/CMakeFiles/EngineTests.dir/src/IdentityTests.cpp.obj
[32/52] Building CXX object Tests/EngineTests/CMakeFiles/EngineTests.dir/src/EventBusTests.cpp.obj
[33/52] Building CXX object Tests/EngineTests/CMakeFiles/EngineTests.dir/src/BrickGridTests.cpp.obj
[34/52] Building CXX object Tests/EngineTests/CMakeFiles/EngineTests.dir/src/CommandStackTests.cpp.obj
[35/52] Building CXX object Tests/EngineTests/CMakeFiles/EngineTests.dir/src/ActionMapTests.cpp.obj
[36/52] Building CXX object Tests/EngineTests/CMakeFiles/EngineTests.dir/src/JobSystemTests.cpp.obj
[37/52] Building CXX object Tests/EngineTests/CMakeFiles/EngineTests.dir/src/SerializationTests.cpp.obj
[38/52] Building CXX object Tests/EngineTests/CMakeFiles/EngineTests.dir/src/TaskGraphTests.cpp.obj
[39/52] Building CXX object Tests/EngineTests/CMakeFiles/EngineTests.dir/src/ProjectTests.cpp.obj
[40/52] Building CXX object Tests/EngineTests/CMakeFiles/EngineTests.dir/src/VmaTests.cpp.obj
[41/52] Building CXX object Tests/EngineTests/CMakeFiles/EngineTests.dir/src/GpuSmokeTest.cpp.obj
[42/52] Building CXX object Tests/EngineTests/CMakeFiles/EngineTests.dir/src/CameraTests.cpp.obj
[43/52] Building CXX object Tests/EngineTests/CMakeFiles/EngineTests.dir/src/ApplicationLoopTests.cpp.obj
[44/52] Building CXX object Tests/EngineTests/CMakeFiles/EngineTests.dir/__/__/Projects/Sandbox/src/PuzzleGameSubsystem.cpp.obj
[45/52] Linking CXX executable Sandbox.exe
[46/52] Building CXX object Tests/EngineTests/CMakeFiles/EngineTests.dir/src/EditorGameplayCycleTests.cpp.obj
[47/52] Linking CXX executable EmptyGameTemplate.exe
[48/52] Linking CXX executable AstralEditor.exe
[49/52] Building CXX object Tests/EngineTests/CMakeFiles/EngineTests.dir/src/ServiceBoundariesTests.cpp.obj
[50/52] Linking CXX executable EngineTests.exe
[51/52] Building CXX object Tests/EngineTests/CMakeFiles/CameraGpuTests.dir/src/CameraGpuTests.cpp.obj
[52/52] Linking CXX executable CameraGpuTests.exe
