================================================================================
               AstralEngine Standalone Regression Test Runner                   
================================================================================

[ RUN      ] Vulkan 1.4 GPU & SDF Compute Smoke Suite
  [INFO] Vulkan 1.4 GPU & Compute Raymarching Smoke Test baslatiliyor (5 kare)...
[Astral::Application] Baslatiliyor...
[Astral::Window] Pencere basariyla olusturuldu (1280x720): AstralEngine - Vulkan 1.4 SDF Compute [Central Normal (6-tap)]
[Astral::VulkanContext] Vulkan Debug Messenger basariyla kuruldu (Validation Layer Aktif).
[Astral::VulkanContext] Secilen GPU: NVIDIA GeForce RTX 3060
[Astral::VulkanContext] Vulkan API Versiyonu: 1.4.351
[Astral::VulkanContext] Timestamp Period: 1 ns/tick
[Astral::VulkanContext] VMA (Vulkan Memory Allocator) basariyla baslatildi.
[Astral::VulkanContext] Vulkan 1.4 ve GPU Timestamp altyapisi basariyla hazirlandi.
[Astral::ComputePipeline] Compute pipeline basariyla olusturuldu: C:/Dev/InkbytefoProjects/deneme/AstralEngine/build-release/shaders/SDFCompute.spv
[Astral::BrickGrid] Two-Level Spatial Grid baslatildi (32x16x32, Hucre boyutu: 0.75m, Tampon: 64 KB, VMA: Evet).
[Astral::IBLManager] IBL ortami (BRDF LUT + Cubemaps) baslatiliyor...
[Astral::IBLManager] 2D BRDF LUT hazirlandi (0.3612 ms, Disk Onbelleginden yuklendi).
[Astral::IBLManager] Procedural Cubemap'ler hazirlandi (19.2694 ms).
[Astral::IBLManager] IBL baslatma tamamlandi (Toplam sure: 42.3417 ms).
[Astral::SDFRenderer] SDF Renderer baslatildi (1280x720, EditBuffer: 24 KB, Two-Level BrickGrid, Deferred PBR & IBL Lighting Aktif).
[Astral::Application] Normal Modu: Central Differences (6-tap)
[Astral::Application] Bellek Esleme Modu: Persistent Mapping (Kalici Pointer)
[Astral::Application] Izgara Hizlandirmasi (PR-6): AKTIF (Empty Space Skipping)
[Astral::Application] Golge Optimizasyonu (PR-7): AKTIF (Erken Cikis & Back-Face Culling)
[Astral::Application] Temporal Anti-Aliasing (PR-8): AKTIF (Halton Jitter + 3x3 Clamp TAA)
[Astral::Application] Deferred G-Buffer (Faz 1): AKTIF (Motion Vectors + G-Buffer)
[Astral::Application] G-Buffer Debug Modu: 0
[Astral::Application] Hedef: 5 kare calisip sonlanacak...
[Astral::Scene] 'GPU Smoke' Runtime baslatildi.
[Astral::SceneManager] Yeni sahne yuklendi: GPU Smoke
[Astral::JobSystem] Baslatildi (7 worker thread).
[Astral::Scene] 'GPU Smoke' Runtime durduruldu.
[Astral::JobSystem] Guvenle kapatildi.
[Astral::Application] Ana olay dongusu sonlandi (Toplam 5 kare).
[Astral::SceneManager] Sahne kaldirildi: GPU Smoke
[Astral::VulkanContext] VMA allocator serbest birakildi.
[Astral::VulkanContext] Vulkan kaynaklari guvenle temizlendi.
[Astral::Application] AstralEngine basariyla kapatildi.
  [INFO] Negatif Test: Gecersiz shader yolu ile hata sozlesmesi ve temizlik kontrol ediliyor...
[Astral::Application] Baslatiliyor...
[Astral::Window] Pencere basariyla olusturuldu (1280x720): AstralEngine - Vulkan 1.4 SDF Compute [Central Normal (6-tap)]
[Astral::VulkanContext] Vulkan Debug Messenger basariyla kuruldu (Validation Layer Aktif).
[Astral::VulkanContext] Secilen GPU: NVIDIA GeForce RTX 3060
[Astral::VulkanContext] Vulkan API Versiyonu: 1.4.351
[Astral::VulkanContext] Timestamp Period: 1 ns/tick
[Astral::VulkanContext] VMA (Vulkan Memory Allocator) basariyla baslatildi.
[Astral::VulkanContext] Vulkan 1.4 ve GPU Timestamp altyapisi basariyla hazirlandi.
[Astral::VulkanContext] VMA allocator serbest birakildi.
[Astral::VulkanContext] Vulkan kaynaklari guvenle temizlendi.
[Astral::Application] AstralEngine basariyla kapatildi.
  [INFO] Beklenen calisma zamani hatasi basariyla yakalandi: SDFCompute.spv shader dosyasi bulunamadi! spvPath: non_existent_shader_for_testing.spv
[       OK ] Vulkan 1.4 GPU & SDF Compute Smoke Suite (1977.33 ms)

================================================================================
[  PASSED  ] 1/1 test suites passed successfully (3 assertions verified).
================================================================================
