ninja: warning: premature end of file; recovering
[1/50] Building CXX object AstralEngine/CMakeFiles/AstralEngine.dir/__/src/Core/Systems/InputSubsystem.cpp.obj
[2/50] Building CXX object AstralEngine/CMakeFiles/AstralEngine.dir/__/src/Core/Systems/TransformSubsystem.cpp.obj
[3/50] Building CXX object AstralEngine/CMakeFiles/AstralEngine.dir/__/src/Core/Systems/PhysicsSubsystem.cpp.obj
[4/50] Building CXX object AstralEngine/CMakeFiles/AstralEngine.dir/__/src/Core/Systems/RenderExtractionSubsystem.cpp.obj
[5/50] Building CXX object AstralEngine/CMakeFiles/AstralEngine.dir/__/src/Core/TransformSystem.cpp.obj
[6/50] Building CXX object AstralEngine/CMakeFiles/AstralEngine.dir/__/src/Core/RenderExtractionSystem.cpp.obj
[7/50] Building CXX object AstralEngine/CMakeFiles/AstralEngine.dir/__/src/Core/Application.cpp.obj
[8/50] Building CXX object AstralEngine/CMakeFiles/AstralEngine.dir/__/src/Scene/Scene.cpp.obj
[9/50] Building CXX object AstralEngine/CMakeFiles/AstralEngine.dir/__/src/Scene/SDFWorldQuery.cpp.obj
[10/50] Building CXX object AstralEngine/CMakeFiles/AstralEngine.dir/__/src/Renderer/ComputePipeline.cpp.obj
[11/50] Building CXX object AstralEngine/CMakeFiles/AstralEngine.dir/__/src/Scene/SceneSerializer.cpp.obj
[12/50] Building CXX object Projects/Sandbox/CMakeFiles/Sandbox.dir/src/PuzzleGameSubsystem.cpp.obj
[13/50] Building CXX object Projects/Sandbox/CMakeFiles/Sandbox.dir/src/main.cpp.obj
[14/50] Building CXX object AstralEngine/CMakeFiles/AstralEngine.dir/__/src/Renderer/SDFRenderer.cpp.obj
[15/50] Building CXX object Projects/EmptyGameTemplate/CMakeFiles/EmptyGameTemplate.dir/src/main.cpp.obj
[16/50] Linking CXX static library libAstralEngine.a
[17/50] Building CXX object Tools/AstralEditor/CMakeFiles/AstralEditor.dir/src/EditorUISubsystem.cpp.obj
[18/50] Building CXX object Tools/AstralEditor/CMakeFiles/AstralEditor.dir/src/EditorMenuBar.cpp.obj
[19/50] Building CXX object Tools/AstralEditor/CMakeFiles/AstralEditor.dir/src/Gizmo/TransformGizmo.cpp.obj
[20/50] Building CXX object Tools/AstralEditor/CMakeFiles/AstralEditor.dir/src/main.cpp.obj
[21/50] Building CXX object Tools/AstralEditor/CMakeFiles/AstralEditor.dir/src/Panels/SceneHierarchy.cpp.obj
[22/50] Building CXX object Tools/AstralEditor/CMakeFiles/AstralEditor.dir/src/Panels/Inspector.cpp.obj
[23/50] Building CXX object Tools/AstralEditor/CMakeFiles/AstralEditor.dir/src/EditorUI.cpp.obj
[24/50] Building CXX object Tests/EngineTests/CMakeFiles/EngineTests.dir/src/main.cpp.obj
[25/50] Building CXX object Tools/AstralEditor/CMakeFiles/AstralEditor.dir/src/Panels/ViewportPanel.cpp.obj
[26/50] Building CXX object Tests/EngineTests/CMakeFiles/EngineTests.dir/src/EcsTests.cpp.obj
[27/50] Building CXX object Tests/EngineTests/CMakeFiles/EngineTests.dir/src/PhysicsTests.cpp.obj
[28/50] Building CXX object Tests/EngineTests/CMakeFiles/EngineTests.dir/src/SceneTests.cpp.obj
[29/50] Building CXX object Tests/EngineTests/CMakeFiles/EngineTests.dir/src/IdentityTests.cpp.obj
[30/50] Building CXX object Tests/EngineTests/CMakeFiles/EngineTests.dir/src/EventBusTests.cpp.obj
[31/50] Building CXX object Tests/EngineTests/CMakeFiles/EngineTests.dir/src/BrickGridTests.cpp.obj
[32/50] Building CXX object Tests/EngineTests/CMakeFiles/EngineTests.dir/src/CommandStackTests.cpp.obj
[33/50] Building CXX object Tests/EngineTests/CMakeFiles/EngineTests.dir/src/ActionMapTests.cpp.obj
[34/50] Building CXX object Tests/EngineTests/CMakeFiles/EngineTests.dir/src/JobSystemTests.cpp.obj
[35/50] Building CXX object Tests/EngineTests/CMakeFiles/EngineTests.dir/src/SerializationTests.cpp.obj
[36/50] Building CXX object Tests/EngineTests/CMakeFiles/EngineTests.dir/src/TaskGraphTests.cpp.obj
[37/50] Building CXX object Tests/EngineTests/CMakeFiles/EngineTests.dir/src/ProjectTests.cpp.obj
[38/50] Building CXX object Tests/EngineTests/CMakeFiles/EngineTests.dir/src/VmaTests.cpp.obj
[39/50] Building CXX object Tests/EngineTests/CMakeFiles/EngineTests.dir/src/GpuSmokeTest.cpp.obj
[40/50] Building CXX object Tests/EngineTests/CMakeFiles/EngineTests.dir/src/CameraTests.cpp.obj
[41/50] Building CXX object Tests/EngineTests/CMakeFiles/EngineTests.dir/src/ApplicationLoopTests.cpp.obj
[42/50] Building CXX object Tests/EngineTests/CMakeFiles/EngineTests.dir/__/__/Projects/Sandbox/src/PuzzleGameSubsystem.cpp.obj
[43/50] Linking CXX executable Sandbox.exe
[44/50] Linking CXX executable EmptyGameTemplate.exe
[45/50] Linking CXX executable AstralEditor.exe
[46/50] Building CXX object Tests/EngineTests/CMakeFiles/EngineTests.dir/src/EditorGameplayCycleTests.cpp.obj
[47/50] Building CXX object Tests/EngineTests/CMakeFiles/EngineTests.dir/src/ServiceBoundariesTests.cpp.obj
[48/50] Linking CXX executable EngineTests.exe
[49/50] Building CXX object Tests/EngineTests/CMakeFiles/CameraGpuTests.dir/src/CameraGpuTests.cpp.obj
[50/50] Linking CXX executable CameraGpuTests.exe
