================================================================================
               AstralEngine Standalone Regression Test Runner                   
================================================================================

[ RUN      ] ECS Architecture Suite
[       OK ] ECS Architecture Suite (0.0312 ms)
[ RUN      ] Physics & Extraction Pipeline Suite
[       OK ] Physics & Extraction Pipeline Suite (0.0412 ms)
[ RUN      ] Generational Identity & Lifetime Suite
[       OK ] Generational Identity & Lifetime Suite (0.029 ms)
[ RUN      ] Scene Management & Deep-Copy Suite
[Astral::SceneManager] Yeni sahne yuklendi: Authoring Level
[Astral::Scene] 'Authoring Level' Runtime baslatildi.
[Astral::Scene] 'Authoring Level' Runtime durduruldu.
[Astral::SceneManager] Sahne kaldirildi: Authoring Level
[       OK ] Scene Management & Deep-Copy Suite (0.024 ms)
[ RUN      ] DOD Binary Scene Serialization Suite (v2)
[Astral::SceneSerializer] Scene successfully serialized to: assets/scenes/level_binary.astral (3 entities)
[Astral::SceneSerializer] Scene successfully deserialized from: assets/scenes/level_binary.astral (3 entities)
[Astral::SceneSerializer] Scene successfully deserialized from: assets/scenes/unknown_chunk.astral (1 entities)
[       OK ] DOD Binary Scene Serialization Suite (v2) (55.3159 ms)
[ RUN      ] Two-Level Spatial BrickGrid Acceleration Suite
[       OK ] Two-Level Spatial BrickGrid Acceleration Suite (0.7365 ms)
[ RUN      ] Undo/Redo Command-Stack Architecture Suite
[       OK ] Undo/Redo Command-Stack Architecture Suite (0.0403 ms)
[ RUN      ] Type-Safe EventBus Architecture Suite
[       OK ] Type-Safe EventBus Architecture Suite (0.0165 ms)
[ RUN      ] Action-Mapping & Enhanced Input Suite
[       OK ] Action-Mapping & Enhanced Input Suite (0.0224 ms)
[ RUN      ] Vulkan Memory Allocator (VMA) Architecture Suite
  [INFO] VMA (Vulkan Memory Allocator) testleri baslatiliyor...
  [INFO] Canli GPU VMA testleri atlandi (--all veya --gpu ile calistirilabilir).
[       OK ] Vulkan Memory Allocator (VMA) Architecture Suite (0.0832 ms)
[ RUN      ] Modern C++20 JobSystem Architecture Suite
  [INFO] C++20 JobSystem testleri baslatiliyor...
[Astral::JobSystem] Baslatildi (4 worker thread).
[Astral::JobSystem] Guvenle kapatildi.
[       OK ] Modern C++20 JobSystem Architecture Suite (11.6272 ms)
[ RUN      ] Project & ProjectSerializer Management Suite
  [INFO] Project & ProjectSerializer testleri baslatiliyor...
[Astral::Project] Yeni proje olusturuldu ve kaydedildi: C:\Dev\InkbytefoProjects\deneme\AstralEngine\artifacts\review-20260905\test_sandbox_project\AstroTestProject.astralproj
[Astral::Project] Proje basariyla yuklendi: AstroTestProject (C:\Dev\InkbytefoProjects\deneme\AstralEngine\artifacts\review-20260905\test_sandbox_project\AstroTestProject.astralproj)
  [INFO] Project testleri basariyla tamamlandi.
[       OK ] Project & ProjectSerializer Management Suite (10.4319 ms)

================================================================================
[  PASSED  ] 12/12 test suites passed successfully (229 assertions verified).
================================================================================
